// Jest Snapshot v1, https://goo.gl/fbAQLP

exports[`renders Logo 1`] = `
<Image
  source={
    Object {
      "testUri": "../../../assets/images/logo.png",
    }
  }
  style={
    Array [
      Object {
        "alignSelf": "center",
        "height": 118,
        "resizeMode": "contain",
        "width": "80%",
      },
      undefined,
    ]
  }
/>
`;
