// Jest Snapshot v1, https://goo.gl/fbAQLP

exports[`renders IconButton 1`] = `
<View
  accessible={true}
  focusable={true}
  onClick={[Function]}
  onResponderGrant={[Function]}
  onResponderMove={[Function]}
  onResponderRelease={[Function]}
  onResponderTerminate={[Function]}
  onResponderTerminationRequest={[Function]}
  onStartShouldSetResponder={[Function]}
  style={
    Object {
      "alignItems": "center",
      "backgroundColor": "red",
      "borderRadius": 15,
      "color": "white",
      "elevation": 2,
      "height": 48,
      "justifyContent": "center",
      "opacity": 1,
      "shadowColor": "#000000",
      "shadowOffset": Object {
        "x": 0,
        "y": 1,
      },
      "shadowOpacity": 0.2,
      "shadowRadius": 1.41,
      "width": 57,
    }
  }
>
  <Text
    allowFontScaling={false}
    style={
      Object {
        "color": "#FFFFFF",
        "fontFamily": "Ionicons",
        "fontSize": 30,
        "fontStyle": "normal",
        "fontWeight": "normal",
      }
    }
    text="ionicon-md-woman"
  />
</View>
`;
