// Jest Snapshot v1, https://goo.gl/fbAQLP

exports[`renders OnboardingSlide 1`] = `
<View
  style={
    Object {
      "marginHorizontal": 16,
      "marginTop": 733.7,
    }
  }
>
  <Text
    bold={true}
    style={
      Array [
        Object {
          "backgroundColor": "transparent",
          "color": "#000000",
          "fontFamily": "System",
          "fontSize": 28,
          "fontWeight": "400",
          "letterSpacing": 0.355469,
          "lineHeight": 34,
        },
        false,
        false,
        false,
        Array [
          Object {
            "color": "rgba(0,0,0,0.87)",
          },
          Object {
            "backgroundColor": "transparent",
            "fontFamily": "System",
            "fontWeight": "600",
          },
          undefined,
        ],
      ]
    }
  >
    Join Our Social Media
  </Text>
  <Text
    style={
      Array [
        Object {
          "backgroundColor": "transparent",
          "color": "#000000",
          "fontFamily": "System",
          "fontSize": 17,
          "fontWeight": "400",
          "letterSpacing": -0.408,
          "lineHeight": 22,
        },
        Array [
          Object {
            "color": "rgba(0,0,0,0.87)",
          },
          Object {
            "backgroundColor": "transparent",
            "fontFamily": "System",
            "fontWeight": "400",
          },
          Object {
            "marginTop": 46.690000000000005,
          },
        ],
      ]
    }
  >
    Kebetoo is a microblogging app with {0}. Be one of the first to join the adventure 💪
  </Text>
</View>
`;
