// Jest Snapshot v1, https://goo.gl/fbAQLP

exports[`renders IconButton 1`] = `
<View
  style={
    Object {
      "alignItems": "center",
      "flexDirection": "row",
    }
  }
>
  <View
    accessible={true}
    focusable={true}
    hitSlop={
      Object {
        "bottom": 20,
        "left": 20,
        "right": 20,
        "top": 20,
      }
    }
    onClick={[Function]}
    onResponderGrant={[Function]}
    onResponderMove={[Function]}
    onResponderRelease={[Function]}
    onResponderTerminate={[Function]}
    onResponderTerminationRequest={[Function]}
    onStartShouldSetResponder={[Function]}
    style={
      Object {
        "alignItems": "center",
        "backgroundColor": "#F5F5F5",
        "borderRadius": 20,
        "elevation": 5,
        "height": 40,
        "justifyContent": "center",
        "opacity": 1,
        "transform": Array [
          Object {
            "scale": 1,
          },
        ],
        "width": 40,
      }
    }
  >
    <Text
      allowFontScaling={false}
      style={
        Object {
          "color": "#0B1B77",
          "fontFamily": "icomoon",
          "fontSize": 18.018018018018015,
          "fontStyle": "normal",
          "fontWeight": "normal",
        }
      }
      text="kebeticon-microphone"
    />
  </View>
</View>
`;
