// Jest Snapshot v1, https://goo.gl/fbAQLP

exports[`renders RepostContent 1`] = `
<View
  style={
    Array [
      Object {
        "flex": 1,
      },
      Object {
        "elevation": 1,
      },
    ]
  }
>
  <View
    accessible={true}
    focusable={true}
    onClick={[Function]}
    onResponderGrant={[Function]}
    onResponderMove={[Function]}
    onResponderRelease={[Function]}
    onResponderTerminate={[Function]}
    onResponderTerminationRequest={[Function]}
    onStartShouldSetResponder={[Function]}
  >
    <View
      style={
        Array [
          Object {
            "borderColor": "rgba(229, 229, 234, 255)",
            "borderLeftWidth": 2,
            "marginVertical": 8,
            "minHeight": 52,
            "paddingLeft": 8,
          },
          false,
        ]
      }
    >
      <View
        style={
          Array [
            Object {
              "marginBottom": 40,
            },
            Object {
              "marginBottom": 0,
            },
          ]
        }
      >
        <View
          accessible={true}
          focusable={true}
          onClick={[Function]}
          onResponderGrant={[Function]}
          onResponderMove={[Function]}
          onResponderRelease={[Function]}
          onResponderTerminate={[Function]}
          onResponderTerminationRequest={[Function]}
          onStartShouldSetResponder={[Function]}
          style={
            Object {
              "opacity": 1,
            }
          }
        >
          <View
            style={
              Array [
                Object {
                  "alignItems": "center",
                  "flexDirection": "row",
                  "justifyContent": "space-between",
                  "marginBottom": 8,
                },
                Object {
                  "marginBottom": 4,
                },
              ]
            }
          >
            <View
              style={
                Object {
                  "flexDirection": "row",
                  "justifyContent": "space-between",
                }
              }
            >
              <View
                style={
                  Object {
                    "flexDirection": "row",
                  }
                }
              >
                <View
                  style={
                    Array [
                      Object {
                        "height": 30,
                        "width": 30,
                      },
                      Object {
                        "height": 24,
                        "width": 24,
                      },
                      undefined,
                    ]
                  }
                >
                  <Image
                    source={
                      Object {
                        "uri": "https://avatars1.githubusercontent.com/u/14147533",
                      }
                    }
                    style={
                      Array [
                        Object {
                          "alignItems": "center",
                          "backgroundColor": "rgba(0, 122, 255, 255)",
                          "borderRadius": 1000,
                          "flex": 1,
                          "justifyContent": "center",
                        },
                        Object {
                          "borderRadius": 12,
                        },
                      ]
                    }
                    testID="image-avatar-https://avatars1.githubusercontent.com/u/14147533"
                  />
                </View>
              </View>
              <View
                style={
                  Array [
                    Object {
                      "justifyContent": "space-between",
                      "marginLeft": 8,
                    },
                    Object {
                      "height": 24,
                    },
                    Object {
                      "justifyContent": "center",
                    },
                  ]
                }
              >
                <Text
                  style={
                    Array [
                      Object {
                        "backgroundColor": "transparent",
                        "color": "#000000",
                        "fontFamily": "System",
                        "fontSize": 16,
                        "fontWeight": "400",
                        "letterSpacing": -0.32,
                        "lineHeight": 21,
                      },
                      Array [
                        Object {
                          "color": "rgba(0,0,0,0.87)",
                        },
                        Object {
                          "backgroundColor": "transparent",
                          "fontFamily": "System",
                          "fontWeight": "600",
                        },
                        undefined,
                      ],
                    ]
                  }
                >
                  Bruno Bodian
                </Text>
              </View>
            </View>
          </View>
        </View>
        <View
          accessible={true}
          focusable={false}
          onClick={[Function]}
          onResponderGrant={[Function]}
          onResponderMove={[Function]}
          onResponderRelease={[Function]}
          onResponderTerminate={[Function]}
          onResponderTerminationRequest={[Function]}
          onStartShouldSetResponder={[Function]}
          style={
            Array [
              Object {
                "backgroundColor": "#F5F5F5",
                "borderRadius": 5,
                "minHeight": 52,
                "padding": 16,
              },
              false,
              undefined,
              false,
              false,
            ]
          }
        >
          <View
            style={
              Object {
                "opacity": 0,
              }
            }
          >
            <View
              onLayout={[Function]}
            >
              <Text
                numberOfLines={5}
                style={Object {}}
              >
                <Text
                  style={
                    Array [
                      Object {
                        "backgroundColor": "transparent",
                        "color": "#000000",
                        "fontFamily": "System",
                        "fontSize": 15,
                        "fontWeight": "400",
                        "letterSpacing": -0.24,
                        "lineHeight": 20,
                      },
                      Array [
                        Object {
                          "color": "rgba(0,0,0,0.87)",
                        },
                        Object {
                          "backgroundColor": "transparent",
                          "fontFamily": "System",
                          "fontWeight": "400",
                        },
                        undefined,
                      ],
                    ]
                  }
                >
                  I'll input the open-source RAM sensor, that should card the FTP protocol!
                </Text>
              </Text>
            </View>
            <View
              onLayout={[Function]}
              style={
                Object {
                  "left": 0,
                  "opacity": 0,
                  "position": "absolute",
                  "top": 0,
                }
              }
            >
              <Text
                style={Object {}}
              >
                <Text
                  style={
                    Array [
                      Object {
                        "backgroundColor": "transparent",
                        "color": "#000000",
                        "fontFamily": "System",
                        "fontSize": 15,
                        "fontWeight": "400",
                        "letterSpacing": -0.24,
                        "lineHeight": 20,
                      },
                      Array [
                        Object {
                          "color": "rgba(0,0,0,0.87)",
                        },
                        Object {
                          "backgroundColor": "transparent",
                          "fontFamily": "System",
                          "fontWeight": "400",
                        },
                        undefined,
                      ],
                    ]
                  }
                >
                  I'll input the open-source RAM sensor, that should card the FTP protocol!
                </Text>
              </Text>
            </View>
          </View>
        </View>
      </View>
    </View>
  </View>
</View>
`;
