// Jest Snapshot v1, https://goo.gl/fbAQLP

exports[`renders Badge 1`] = `
<View
  style={
    Array [
      Object {
        "backgroundColor": "rgba(0, 122, 255, 0.8)",
        "borderRadius": 50,
        "paddingHorizontal": 15,
        "paddingVertical": 3,
      },
      Object {
        "backgroundColor": "red",
        "color": "white",
      },
    ]
  }
>
  <Text
    style={
      Array [
        false,
        false,
        Object {
          "backgroundColor": "transparent",
          "color": "#000000",
          "fontFamily": "System",
          "fontSize": 15,
          "fontWeight": "400",
          "letterSpacing": -0.24,
          "lineHeight": 20,
        },
        false,
        Array [
          Object {
            "color": "#FFFFFF",
          },
          Object {
            "backgroundColor": "transparent",
            "fontFamily": "System",
            "fontWeight": "700",
          },
          undefined,
        ],
      ]
    }
  >
    New
  </Text>
</View>
`;
