// Jest Snapshot v1, https://goo.gl/fbAQLP

exports[`renders VideoContent 1`] = `
<View
  style={Object {}}
>
  <Text
    style={
      Array [
        Object {
          "backgroundColor": "transparent",
          "color": "#000000",
          "fontFamily": "System",
          "fontSize": 15,
          "fontWeight": "400",
          "letterSpacing": -0.24,
          "lineHeight": 20,
        },
        Array [
          Object {
            "color": "rgba(0,0,0,0.87)",
          },
          Object {
            "backgroundColor": "transparent",
            "fontFamily": "System",
            "fontWeight": "400",
          },
          Object {
            "marginBottom": 8,
          },
        ],
      ]
    }
  >
    Hello wirkd
  </Text>
  <View
    accessible={true}
    focusable={true}
    onClick={[Function]}
    onResponderGrant={[Function]}
    onResponderMove={[Function]}
    onResponderRelease={[Function]}
    onResponderTerminate={[Function]}
    onResponderTerminationRequest={[Function]}
    onStartShouldSetResponder={[Function]}
  >
    <View
      style={
        Object {
          "aspectRatio": 1,
          "backgroundColor": "rgba(199, 199, 204, 255)",
          "borderRadius": 12,
          "elevation": 1,
          "flex": 1,
          "shadowColor": "rgba(0, 0, 0, 255)",
          "shadowOffset": Object {
            "x": 0,
            "y": 0,
          },
          "shadowOpacity": 0.18,
          "shadowRadius": 1,
        }
      }
    >
      <Image
        borderRadius={12}
        fadeDuration={0}
        resizeMode="cover"
        source={
          Object {
            "uri": "rnfs://local-file.mp4",
          }
        }
        style={
          Object {
            "borderRadius": 12,
            "flex": 1,
          }
        }
      />
      <View
        style={
          Object {
            "alignItems": "center",
            "height": "100%",
            "justifyContent": "center",
            "position": "absolute",
            "width": "100%",
          }
        }
      >
        <View
          accessible={true}
          focusable={true}
          onClick={[Function]}
          onResponderGrant={[Function]}
          onResponderMove={[Function]}
          onResponderRelease={[Function]}
          onResponderTerminate={[Function]}
          onResponderTerminationRequest={[Function]}
          onStartShouldSetResponder={[Function]}
          style={
            Object {
              "alignItems": "center",
              "backgroundColor": "rgba(0, 0, 0, 0.5)",
              "borderColor": "rgba(229, 229, 234, 255)",
              "borderRadius": 35,
              "borderWidth": 0.5,
              "height": 70,
              "justifyContent": "center",
              "opacity": 1,
              "paddingLeft": 5,
              "width": 70,
              "zIndex": 1,
            }
          }
        >
          <Text
            allowFontScaling={false}
            style={
              Object {
                "color": "rgba(255, 255, 255, 255)",
                "fontFamily": "Ionicons",
                "fontSize": 45,
                "fontStyle": "normal",
                "fontWeight": "normal",
              }
            }
            text="ionicon-ios-play"
          />
        </View>
        <Video
          audioOnly={true}
          muted={true}
          onLoad={[Function]}
          paused={true}
          source={
            Object {
              "uri": "http://localhost:1337/jest://kebetoo.app/video.mp4",
            }
          }
          style={
            Object {
              "height": 0,
              "width": 0,
            }
          }
        />
      </View>
    </View>
  </View>
</View>
`;
