// Jest Snapshot v1, https://goo.gl/fbAQLP

exports[`renders enabled SocialSignin 1`] = `
<View
  style={
    Object {
      "flex": 1,
    }
  }
>
  <View
    style={
      Object {
        "height": "100%",
        "justifyContent": "space-between",
      }
    }
  >
    <View
      style={
        Object {
          "flex": 3,
          "justifyContent": "space-evenly",
        }
      }
    >
      <View
        style={
          Array [
            Object {
              "alignItems": "center",
              "flexDirection": "row",
            },
            undefined,
          ]
        }
      >
        <View
          style={
            Object {
              "borderColor": "rgba(229, 229, 234, 255)",
              "borderWidth": 0.5,
              "flex": 1,
              "height": 0.5,
            }
          }
        />
        <View
          style={
            Object {
              "borderColor": "rgba(229, 229, 234, 255)",
              "borderWidth": 0.5,
              "flex": 1,
              "height": 0.5,
            }
          }
        />
      </View>
      <View
        style={
          Object {
            "flexDirection": "row",
            "justifyContent": "center",
          }
        }
      >
        <View
          accessible={true}
          focusable={true}
          onClick={[Function]}
          onResponderGrant={[Function]}
          onResponderMove={[Function]}
          onResponderRelease={[Function]}
          onResponderTerminate={[Function]}
          onResponderTerminationRequest={[Function]}
          onStartShouldSetResponder={[Function]}
          style={
            Object {
              "backgroundColor": "rgba(255, 255, 255, 255)",
              "borderRadius": 10,
              "opacity": 1,
            }
          }
          testID="facebook-signin"
        >
          <Text
            allowFontScaling={false}
            style={
              Object {
                "color": "#3b5998",
                "fontFamily": "icomoon",
                "fontSize": 33,
                "fontStyle": "normal",
                "fontWeight": "normal",
              }
            }
            text="kebeticon-facebook"
          />
        </View>
        <View
          accessible={true}
          focusable={true}
          onClick={[Function]}
          onResponderGrant={[Function]}
          onResponderMove={[Function]}
          onResponderRelease={[Function]}
          onResponderTerminate={[Function]}
          onResponderTerminationRequest={[Function]}
          onStartShouldSetResponder={[Function]}
          style={
            Object {
              "opacity": 1,
            }
          }
          testID="google-signin"
        >
          <Image
            source={
              Object {
                "testUri": "../../../assets/images/google.png",
              }
            }
            style={
              Object {
                "height": 33,
                "marginHorizontal": 8,
                "width": 32,
              }
            }
          />
        </View>
      </View>
    </View>
    <Text
      style={
        Array [
          Object {
            "backgroundColor": "transparent",
            "color": "#000000",
            "fontFamily": "System",
            "fontSize": 16,
            "fontWeight": "400",
            "letterSpacing": -0.32,
            "lineHeight": 21,
          },
          Array [
            Object {
              "color": "rgba(0,0,0,0.87)",
            },
            Object {
              "backgroundColor": "transparent",
              "fontFamily": "System",
              "fontWeight": "400",
            },
            undefined,
          ],
        ]
      }
    >
      Don't have an account?
    </Text>
  </View>
</View>
`;
