// Jest Snapshot v1, https://goo.gl/fbAQLP

exports[`renders Comment 1`] = `
<View
  accessible={true}
  focusable={true}
  onClick={[Function]}
  onResponderGrant={[Function]}
  onResponderMove={[Function]}
  onResponderRelease={[Function]}
  onResponderTerminate={[Function]}
  onResponderTerminationRequest={[Function]}
  onStartShouldSetResponder={[Function]}
  style={
    Object {
      "flex": 1,
      "flexDirection": "row",
    }
  }
>
  <View
    accessible={true}
    focusable={true}
    onClick={[Function]}
    onResponderGrant={[Function]}
    onResponderMove={[Function]}
    onResponderRelease={[Function]}
    onResponderTerminate={[Function]}
    onResponderTerminationRequest={[Function]}
    onStartShouldSetResponder={[Function]}
    style={
      Object {
        "marginRight": 10,
      }
    }
  >
    <View
      style={
        Array [
          Object {
            "height": 30,
            "width": 30,
          },
          Object {
            "height": 35,
            "width": 35,
          },
          undefined,
        ]
      }
    >
      <Image
        source={
          Object {
            "uri": "https://avatars1.githubusercontent.com/u/14147533",
          }
        }
        style={
          Array [
            Object {
              "alignItems": "center",
              "backgroundColor": "rgba(0, 122, 255, 255)",
              "borderRadius": 15,
              "flex": 1,
              "justifyContent": "center",
            },
            Object {
              "borderRadius": 17.5,
            },
          ]
        }
        testID="image-avatar-https://avatars1.githubusercontent.com/u/14147533"
      />
    </View>
  </View>
  <View
    style={
      Object {
        "flex": 1,
      }
    }
  >
    <View
      style={
        Object {
          "alignItems": "center",
          "flex": 1,
          "flexDirection": "row",
          "marginBottom": 5,
        }
      }
    >
      <Text
        style={
          Array [
            false,
            false,
            Object {
              "backgroundColor": "transparent",
              "color": "#000000",
              "fontFamily": "System",
              "fontSize": 15,
              "fontWeight": "400",
              "letterSpacing": -0.24,
              "lineHeight": 20,
            },
            false,
            Array [
              Object {
                "color": "rgba(0,0,0,0.87)",
              },
              Object {
                "backgroundColor": "transparent",
                "fontFamily": "System",
                "fontWeight": "400",
              },
              undefined,
            ],
          ]
        }
      >
        Bruno Bodian
      </Text>
      <Text
        style={
          Array [
            false,
            false,
            Object {
              "backgroundColor": "transparent",
              "color": "#000000",
              "fontFamily": "System",
              "fontSize": 15,
              "fontWeight": "400",
              "letterSpacing": -0.24,
              "lineHeight": 20,
            },
            false,
            Array [
              Object {
                "color": "rgba(0,0,0,0.87)",
              },
              Object {
                "backgroundColor": "transparent",
                "fontFamily": "System",
                "fontWeight": "400",
              },
              undefined,
            ],
          ]
        }
      >
         • 
      </Text>
      <Text
        style={
          Array [
            false,
            false,
            false,
            Object {
              "backgroundColor": "transparent",
              "color": "#000000",
              "fontFamily": "System",
              "fontSize": 12,
              "fontWeight": "400",
              "letterSpacing": 0,
              "lineHeight": 16,
            },
            Array [
              Object {
                "color": "rgba(0,0,0,0.54)",
              },
              Object {
                "backgroundColor": "transparent",
                "fontFamily": "System",
                "fontWeight": "400",
              },
              undefined,
            ],
          ]
        }
      >
        5 days ago
      </Text>
    </View>
    <Text
      style={
        Array [
          Object {
            "backgroundColor": "transparent",
            "color": "#000000",
            "fontFamily": "System",
            "fontSize": 15,
            "fontWeight": "400",
            "letterSpacing": -0.24,
            "lineHeight": 20,
          },
          Array [
            Object {
              "color": "rgba(0,0,0,0.87)",
            },
            Object {
              "backgroundColor": "transparent",
              "fontFamily": "System",
              "fontWeight": "400",
            },
            undefined,
          ],
        ]
      }
    >
      Fgyjj
    </Text>
    <View
      style={
        Object {
          "alignItems": "center",
          "flexDirection": "row",
          "justifyContent": "flex-end",
        }
      }
    >
      <View
        accessible={true}
        focusable={true}
        onClick={[Function]}
        onResponderGrant={[Function]}
        onResponderMove={[Function]}
        onResponderRelease={[Function]}
        onResponderTerminate={[Function]}
        onResponderTerminationRequest={[Function]}
        onStartShouldSetResponder={[Function]}
        style={
          Object {
            "alignItems": "center",
            "flexDirection": "row",
            "padding": 5,
          }
        }
        testID="reaction-button"
      >
        <Text
          style={
            Array [
              Object {
                "backgroundColor": "transparent",
                "color": "#000000",
                "fontFamily": "System",
                "fontSize": 15,
                "fontWeight": "400",
                "letterSpacing": -0.24,
                "lineHeight": 20,
              },
              Array [
                Object {
                  "color": "rgba(0,0,0,0.87)",
                },
                Object {
                  "backgroundColor": "transparent",
                  "fontFamily": "System",
                  "fontWeight": "400",
                },
                undefined,
              ],
            ]
          }
        >
           
        </Text>
        <Text
          allowFontScaling={false}
          style={
            Object {
              "color": "rgba(0,0,0,0.87)",
              "fontFamily": "icomoon",
              "fontSize": 14,
              "fontStyle": "normal",
              "fontWeight": "normal",
            }
          }
          text="kebeticon-heart"
        />
      </View>
    </View>
  </View>
</View>
`;
