// Jest Snapshot v1, https://goo.gl/fbAQLP

exports[`renders Rooms 1`] = `
<View
  style={
    Object {
      "backgroundColor": "rgba(255, 255, 255, 255)",
      "flex": 1,
    }
  }
>
  <View
    style={
      Array [
        Object {
          "alignItems": "center",
          "flexDirection": "row",
          "height": 60,
        },
        Object {
          "paddingHorizontal": 16,
        },
      ]
    }
  >
    <View
      style={
        Object {
          "flex": 8,
        }
      }
    >
      <View
        style={
          Object {
            "alignItems": "center",
            "flexDirection": "row",
          }
        }
      >
        <View
          style={
            Object {
              "flex": 1,
            }
          }
        >
          <View
            style={
              Object {
                "alignItems": "center",
                "flexDirection": "row",
              }
            }
          >
            <Text
              numberOfLines={1}
              style={
                Array [
                  Object {
                    "backgroundColor": "transparent",
                    "color": "#000000",
                    "fontFamily": "System",
                    "fontSize": 22,
                    "fontWeight": "400",
                    "letterSpacing": 0.34375,
                    "lineHeight": 28,
                  },
                  false,
                  false,
                  false,
                  Array [
                    Object {
                      "color": "rgba(0,0,0,0.87)",
                    },
                    Object {
                      "backgroundColor": "transparent",
                      "fontFamily": "System",
                      "fontWeight": "600",
                    },
                    Array [
                      Object {
                        "flex": 1,
                      },
                      undefined,
                    ],
                  ],
                ]
              }
            >
              Rooms
            </Text>
            <ActivityIndicator
              animating={false}
              color="rgba(0, 122, 255, 255)"
              hidesWhenStopped={true}
              size="small"
              style={
                Object {
                  "marginLeft": 8,
                }
              }
            />
          </View>
        </View>
      </View>
    </View>
    <View
      accessible={true}
      focusable={true}
      hitSlop={
        Object {
          "bottom": 15,
          "left": 15,
          "right": 15,
          "top": 15,
        }
      }
      onClick={[Function]}
      onResponderGrant={[Function]}
      onResponderMove={[Function]}
      onResponderRelease={[Function]}
      onResponderTerminate={[Function]}
      onResponderTerminationRequest={[Function]}
      onStartShouldSetResponder={[Function]}
      style={
        Object {
          "opacity": 1,
        }
      }
    >
      <Text
        allowFontScaling={false}
        style={
          Object {
            "color": "rgba(0,0,0,0.87)",
            "fontFamily": "Ionicons",
            "fontSize": 30,
            "fontStyle": "normal",
            "fontWeight": "normal",
          }
        }
        text="ionicon-add-outline"
      />
    </View>
  </View>
  <RCTScrollView
    ListHeaderComponent={
      <Memo(SegmentedControl)
        items={
          Array [
            Object {
              "label": "Discover (0)",
              "value": "discover",
            },
            Object {
              "label": "My Rooms (0)",
              "value": "rooms",
            },
          ]
        }
        onSelect={[Function]}
        selectedValue="discover"
        style={
          Object {
            "marginBottom": 16,
            "marginHorizontal": 16,
          }
        }
      />
    }
    data={Array []}
    disableVirtualization={false}
    getItem={[Function]}
    getItemCount={[Function]}
    horizontal={false}
    initialNumToRender={10}
    keyExtractor={[Function]}
    maxToRenderPerBatch={10}
    onContentSizeChange={[Function]}
    onEndReachedThreshold={2}
    onLayout={[Function]}
    onMomentumScrollEnd={[Function]}
    onScroll={[Function]}
    onScrollBeginDrag={[Function]}
    onScrollEndDrag={[Function]}
    removeClippedSubviews={true}
    renderItem={[Function]}
    scrollEventThrottle={50}
    stickyHeaderIndices={Array []}
    updateCellsBatchingPeriod={50}
    viewabilityConfigCallbackPairs={Array []}
    windowSize={21}
  >
    <View>
      <View
        onLayout={[Function]}
      >
        <View
          style={
            Array [
              Object {
                "backgroundColor": "#F5F5F5",
                "elevation": 1,
                "flex": 1,
                "flexDirection": "row",
                "height": 40,
                "maxHeight": 40,
                "shadowColor": "rgba(0, 0, 0, 255)",
                "shadowOffset": Object {
                  "x": 0,
                  "y": 0,
                },
                "shadowOpacity": 0.18,
                "shadowRadius": 1,
              },
              Object {
                "borderBottomLeftRadius": 20,
                "borderBottomRightRadius": 20,
                "borderTopLeftRadius": 20,
                "borderTopRightRadius": 20,
              },
              Object {
                "marginBottom": 16,
                "marginHorizontal": 16,
              },
            ]
          }
        >
          <View
            accessible={true}
            focusable={true}
            onClick={[Function]}
            onResponderGrant={[Function]}
            onResponderMove={[Function]}
            onResponderRelease={[Function]}
            onResponderTerminate={[Function]}
            onResponderTerminationRequest={[Function]}
            onStartShouldSetResponder={[Function]}
            style={
              Object {
                "alignItems": "center",
                "backgroundColor": "rgba(0, 122, 255, 255)",
                "borderBottomLeftRadius": 20,
                "borderBottomRightRadius": 20,
                "borderTopLeftRadius": 20,
                "borderTopRightRadius": 20,
                "elevation": 4,
                "flex": 1,
                "flexDirection": "row",
                "height": "100%",
                "justifyContent": "center",
                "opacity": 1,
                "paddingHorizontal": 24,
                "shadowColor": "rgba(0, 0, 0, 255)",
                "shadowOffset": Object {
                  "x": 0,
                  "y": 2,
                },
                "shadowOpacity": 0.23,
                "shadowRadius": 2.62,
              }
            }
          >
            <Text
              numberOfLines={1}
              style={
                Array [
                  Object {
                    "backgroundColor": "transparent",
                    "color": "#FFFFFF",
                    "fontFamily": "System",
                    "fontSize": 16,
                    "fontWeight": "400",
                    "letterSpacing": -0.32,
                    "lineHeight": 21,
                  },
                  Array [
                    Object {
                      "color": "rgba(255, 255, 255, 255)",
                    },
                    Object {
                      "backgroundColor": "transparent",
                      "fontFamily": "System",
                      "fontWeight": "700",
                    },
                    undefined,
                  ],
                ]
              }
            >
              Discover (0)
            </Text>
          </View>
          <View
            accessible={true}
            focusable={true}
            onClick={[Function]}
            onResponderGrant={[Function]}
            onResponderMove={[Function]}
            onResponderRelease={[Function]}
            onResponderTerminate={[Function]}
            onResponderTerminationRequest={[Function]}
            onStartShouldSetResponder={[Function]}
            style={
              Object {
                "alignItems": "center",
                "borderBottomLeftRadius": 20,
                "borderBottomRightRadius": 20,
                "borderTopLeftRadius": 20,
                "borderTopRightRadius": 20,
                "flex": 1,
                "flexDirection": "row",
                "height": "100%",
                "justifyContent": "center",
                "opacity": 1,
                "paddingHorizontal": 16,
              }
            }
          >
            <Text
              numberOfLines={1}
              style={
                Array [
                  Object {
                    "backgroundColor": "transparent",
                    "color": "#FFFFFF",
                    "fontFamily": "System",
                    "fontSize": 16,
                    "fontWeight": "400",
                    "letterSpacing": -0.32,
                    "lineHeight": 21,
                  },
                  Array [
                    Object {
                      "color": "rgba(0,0,0,0.38)",
                    },
                    Object {
                      "backgroundColor": "transparent",
                      "fontFamily": "System",
                      "fontWeight": "700",
                    },
                    undefined,
                  ],
                ]
              }
            >
              My Rooms (0)
            </Text>
          </View>
        </View>
      </View>
    </View>
  </RCTScrollView>
</View>
`;
