// Jest Snapshot v1, https://goo.gl/fbAQLP

exports[`renders NotificationsPage 1`] = `
<RCTScrollView
  contentContainerStyle={
    Object {
      "flexGrow": 1,
      "paddingBottom": 24,
    }
  }
  style={
    Object {
      "backgroundColor": "rgba(255, 255, 255, 255)",
      "flex": 1,
    }
  }
>
  <View>
    <View
      style={
        Array [
          Object {
            "alignItems": "center",
            "flexDirection": "row",
            "height": 60,
          },
          Object {
            "marginBottom": 12,
            "paddingHorizontal": 16,
          },
        ]
      }
    >
      <View
        style={
          Object {
            "flex": 8,
          }
        }
      >
        <View
          style={
            Object {
              "alignItems": "center",
              "flexDirection": "row",
            }
          }
        >
          <View
            style={
              Object {
                "flex": 1,
              }
            }
          >
            <View
              style={
                Object {
                  "alignItems": "center",
                  "flexDirection": "row",
                }
              }
            >
              <Text
                numberOfLines={1}
                style={
                  Array [
                    Object {
                      "backgroundColor": "transparent",
                      "color": "#000000",
                      "fontFamily": "System",
                      "fontSize": 22,
                      "fontWeight": "400",
                      "letterSpacing": 0.34375,
                      "lineHeight": 28,
                    },
                    false,
                    false,
                    false,
                    Array [
                      Object {
                        "color": "rgba(0,0,0,0.87)",
                      },
                      Object {
                        "backgroundColor": "transparent",
                        "fontFamily": "System",
                        "fontWeight": "600",
                      },
                      Array [
                        Object {
                          "flex": 1,
                        },
                        undefined,
                      ],
                    ],
                  ]
                }
              >
                Notifications
              </Text>
              <ActivityIndicator
                animating={false}
                color="rgba(0, 122, 255, 255)"
                hidesWhenStopped={true}
                size="small"
                style={
                  Object {
                    "marginLeft": 8,
                  }
                }
              />
            </View>
          </View>
        </View>
      </View>
      <View
        accessible={true}
        focusable={true}
        onClick={[Function]}
        onResponderGrant={[Function]}
        onResponderMove={[Function]}
        onResponderRelease={[Function]}
        onResponderTerminate={[Function]}
        onResponderTerminationRequest={[Function]}
        onStartShouldSetResponder={[Function]}
        style={
          Object {
            "opacity": 1,
          }
        }
      >
        <View
          style={
            Array [
              Object {
                "height": 30,
                "width": 30,
              },
              Object {
                "height": 35,
                "width": 35,
              },
              undefined,
            ]
          }
        >
          <Image
            source={
              Object {
                "uri": "https://avatars1.githubusercontent.com/u/14147533",
              }
            }
            style={
              Array [
                Object {
                  "alignItems": "center",
                  "backgroundColor": "rgba(0, 122, 255, 255)",
                  "borderRadius": 1000,
                  "flex": 1,
                  "justifyContent": "center",
                },
                Object {
                  "borderRadius": 17.5,
                },
              ]
            }
            testID="image-avatar-https://avatars1.githubusercontent.com/u/14147533"
          />
        </View>
      </View>
    </View>
    <View
      style={
        Object {
          "marginBottom": 28.799999999999997,
        }
      }
    >
      <View
        style={
          Object {
            "alignItems": "center",
            "flexDirection": "row",
            "marginBottom": 16,
            "paddingHorizontal": 16,
          }
        }
      >
        <Text
          style={
            Array [
              Object {
                "backgroundColor": "transparent",
                "color": "#000000",
                "fontFamily": "System",
                "fontSize": 17,
                "fontWeight": "400",
                "letterSpacing": -0.408,
                "lineHeight": 22,
              },
              Array [
                Object {
                  "color": "rgba(0,0,0,0.87)",
                },
                Object {
                  "backgroundColor": "transparent",
                  "fontFamily": "System",
                  "fontWeight": "600",
                },
                undefined,
              ],
            ]
          }
        >
          Recent
        </Text>
        <View
          style={
            Array [
              Object {
                "borderRadius": 1000,
                "paddingHorizontal": 16,
                "paddingVertical": 4,
              },
              Object {
                "backgroundColor": "#F0F6FE",
              },
              Object {
                "marginLeft": 8,
              },
            ]
          }
        >
          <Text
            style={
              Array [
                false,
                false,
                Object {
                  "backgroundColor": "transparent",
                  "color": "#000000",
                  "fontFamily": "System",
                  "fontSize": 15,
                  "fontWeight": "400",
                  "letterSpacing": -0.24,
                  "lineHeight": 20,
                },
                false,
                Array [
                  Object {
                    "color": "rgba(0, 122, 255, 255)",
                  },
                  Object {
                    "backgroundColor": "transparent",
                    "fontFamily": "System",
                    "fontWeight": "700",
                  },
                  undefined,
                ],
              ]
            }
          >
            1
          </Text>
        </View>
      </View>
      <View
        accessible={true}
        focusable={true}
        onClick={[Function]}
        onResponderGrant={[Function]}
        onResponderMove={[Function]}
        onResponderRelease={[Function]}
        onResponderTerminate={[Function]}
        onResponderTerminationRequest={[Function]}
        onStartShouldSetResponder={[Function]}
        style={
          Array [
            Object {
              "flexDirection": "row",
              "paddingHorizontal": 16,
              "paddingVertical": 16,
            },
            Object {
              "backgroundColor": "#F0F6FE",
            },
          ]
        }
      >
        <View
          style={
            Array [
              Object {
                "height": 30,
                "width": 30,
              },
              Object {
                "height": 55,
                "width": 55,
              },
              undefined,
            ]
          }
        >
          <Image
            source={
              Object {
                "uri": "https://avatars1.githubusercontent.com/u/14147533",
              }
            }
            style={
              Array [
                Object {
                  "alignItems": "center",
                  "backgroundColor": "rgba(0, 122, 255, 255)",
                  "borderRadius": 1000,
                  "flex": 1,
                  "justifyContent": "center",
                },
                Object {
                  "borderRadius": 27.5,
                },
              ]
            }
            testID="image-avatar-https://avatars1.githubusercontent.com/u/14147533"
          />
        </View>
        <View
          style={
            Object {
              "flex": 1,
              "justifyContent": "center",
              "marginLeft": 16,
            }
          }
        >
          <View
            style={
              Object {
                "flexDirection": "row",
              }
            }
          >
            <Text
              numberOfLines={2}
              style={
                Object {
                  "flex": 1,
                  "flexDirection": "row",
                  "marginBottom": 4,
                }
              }
            >
              <Text
                style={
                  Array [
                    false,
                    Object {
                      "backgroundColor": "transparent",
                      "color": "#000000",
                      "fontFamily": "System",
                      "fontSize": 17,
                      "fontWeight": "600",
                      "letterSpacing": -0.408,
                      "lineHeight": 22,
                    },
                    false,
                    false,
                    Array [
                      Object {
                        "color": "rgba(0,0,0,0.87)",
                      },
                      Object {
                        "backgroundColor": "transparent",
                        "fontFamily": "System",
                        "fontWeight": "600",
                      },
                      undefined,
                    ],
                  ]
                }
              >
                Bruno Bodian
              </Text>
              <Text
                style={
                  Array [
                    false,
                    Object {
                      "backgroundColor": "transparent",
                      "color": "#000000",
                      "fontFamily": "System",
                      "fontSize": 17,
                      "fontWeight": "600",
                      "letterSpacing": -0.408,
                      "lineHeight": 22,
                    },
                    false,
                    false,
                    Array [
                      Object {
                        "color": "rgba(0,0,0,0.87)",
                      },
                      Object {
                        "backgroundColor": "transparent",
                        "fontFamily": "System",
                        "fontWeight": "400",
                      },
                      undefined,
                    ],
                  ]
                }
              >
                 reacted on your post
              </Text>
            </Text>
            <View
              style={
                Object {
                  "backgroundColor": "rgba(0, 122, 255, 255)",
                  "borderRadius": 1000,
                  "height": 8,
                  "marginLeft": 4,
                  "marginTop": 8,
                  "width": 8,
                }
              }
            />
          </View>
          <Text
            numberOfLines={1}
            style={
              Array [
                Object {
                  "backgroundColor": "transparent",
                  "color": "#000000",
                  "fontFamily": "System",
                  "fontSize": 15,
                  "fontWeight": "400",
                  "letterSpacing": -0.24,
                  "lineHeight": 20,
                },
                Array [
                  Object {
                    "color": "rgba(0,0,0,0.87)",
                  },
                  Object {
                    "backgroundColor": "transparent",
                    "fontFamily": "System",
                    "fontWeight": "400",
                  },
                  undefined,
                ],
              ]
            }
          >
            Use the online SMS system, then you can calculate the digital card!
          </Text>
          <View
            style={
              Object {
                "flex": 1,
              }
            }
          >
            <Text
              style={
                Array [
                  Object {
                    "backgroundColor": "transparent",
                    "color": "#000000",
                    "fontFamily": "System",
                    "fontSize": 15,
                    "fontWeight": "400",
                    "letterSpacing": -0.24,
                    "lineHeight": 20,
                  },
                  Array [
                    Object {
                      "color": "rgba(0,0,0,0.38)",
                    },
                    Object {
                      "backgroundColor": "transparent",
                      "fontFamily": "System",
                      "fontWeight": "400",
                    },
                    Object {
                      "marginTop": 2,
                    },
                  ],
                ]
              }
            >
              a few seconds ago
            </Text>
          </View>
        </View>
      </View>
    </View>
    <View
      style={
        Object {
          "marginBottom": 28.799999999999997,
        }
      }
    >
      <View
        style={
          Object {
            "alignItems": "center",
            "flexDirection": "row",
            "marginBottom": 16,
            "paddingHorizontal": 16,
          }
        }
      >
        <Text
          style={
            Array [
              Object {
                "backgroundColor": "transparent",
                "color": "#000000",
                "fontFamily": "System",
                "fontSize": 17,
                "fontWeight": "400",
                "letterSpacing": -0.408,
                "lineHeight": 22,
              },
              Array [
                Object {
                  "color": "rgba(0,0,0,0.87)",
                },
                Object {
                  "backgroundColor": "transparent",
                  "fontFamily": "System",
                  "fontWeight": "600",
                },
                undefined,
              ],
            ]
          }
        >
          Already seen
        </Text>
        <View
          style={
            Array [
              Object {
                "borderRadius": 1000,
                "paddingHorizontal": 16,
                "paddingVertical": 4,
              },
              Object {
                "backgroundColor": "#F0F6FE",
              },
              Object {
                "marginLeft": 8,
              },
            ]
          }
        >
          <Text
            style={
              Array [
                false,
                false,
                Object {
                  "backgroundColor": "transparent",
                  "color": "#000000",
                  "fontFamily": "System",
                  "fontSize": 15,
                  "fontWeight": "400",
                  "letterSpacing": -0.24,
                  "lineHeight": 20,
                },
                false,
                Array [
                  Object {
                    "color": "rgba(0, 122, 255, 255)",
                  },
                  Object {
                    "backgroundColor": "transparent",
                    "fontFamily": "System",
                    "fontWeight": "700",
                  },
                  undefined,
                ],
              ]
            }
          >
            2
          </Text>
        </View>
      </View>
      <View
        accessible={true}
        focusable={true}
        onClick={[Function]}
        onResponderGrant={[Function]}
        onResponderMove={[Function]}
        onResponderRelease={[Function]}
        onResponderTerminate={[Function]}
        onResponderTerminationRequest={[Function]}
        onStartShouldSetResponder={[Function]}
        style={
          Array [
            Object {
              "flexDirection": "row",
              "paddingHorizontal": 16,
              "paddingVertical": 16,
            },
            Object {
              "backgroundColor": "#F0F6FE",
            },
          ]
        }
      >
        <View
          style={
            Array [
              Object {
                "height": 30,
                "width": 30,
              },
              Object {
                "height": 55,
                "width": 55,
              },
              undefined,
            ]
          }
        >
          <Image
            source={
              Object {
                "uri": "https://avatars1.githubusercontent.com/u/14147533",
              }
            }
            style={
              Array [
                Object {
                  "alignItems": "center",
                  "backgroundColor": "rgba(0, 122, 255, 255)",
                  "borderRadius": 1000,
                  "flex": 1,
                  "justifyContent": "center",
                },
                Object {
                  "borderRadius": 27.5,
                },
              ]
            }
            testID="image-avatar-https://avatars1.githubusercontent.com/u/14147533"
          />
        </View>
        <View
          style={
            Object {
              "flex": 1,
              "justifyContent": "center",
              "marginLeft": 16,
            }
          }
        >
          <View
            style={
              Object {
                "flexDirection": "row",
              }
            }
          >
            <Text
              numberOfLines={2}
              style={
                Object {
                  "flex": 1,
                  "flexDirection": "row",
                  "marginBottom": 4,
                }
              }
            >
              <Text
                style={
                  Array [
                    false,
                    Object {
                      "backgroundColor": "transparent",
                      "color": "#000000",
                      "fontFamily": "System",
                      "fontSize": 17,
                      "fontWeight": "600",
                      "letterSpacing": -0.408,
                      "lineHeight": 22,
                    },
                    false,
                    false,
                    Array [
                      Object {
                        "color": "rgba(0,0,0,0.87)",
                      },
                      Object {
                        "backgroundColor": "transparent",
                        "fontFamily": "System",
                        "fontWeight": "600",
                      },
                      undefined,
                    ],
                  ]
                }
              >
                Bruno Bodian
              </Text>
              <Text
                style={
                  Array [
                    false,
                    Object {
                      "backgroundColor": "transparent",
                      "color": "#000000",
                      "fontFamily": "System",
                      "fontSize": 17,
                      "fontWeight": "600",
                      "letterSpacing": -0.408,
                      "lineHeight": 22,
                    },
                    false,
                    false,
                    Array [
                      Object {
                        "color": "rgba(0,0,0,0.87)",
                      },
                      Object {
                        "backgroundColor": "transparent",
                        "fontFamily": "System",
                        "fontWeight": "400",
                      },
                      undefined,
                    ],
                  ]
                }
              >
                 commented your post
              </Text>
            </Text>
            <View
              style={
                Object {
                  "backgroundColor": "rgba(0, 122, 255, 255)",
                  "borderRadius": 1000,
                  "height": 8,
                  "marginLeft": 4,
                  "marginTop": 8,
                  "width": 8,
                }
              }
            />
          </View>
          <Text
            numberOfLines={1}
            style={
              Array [
                Object {
                  "backgroundColor": "transparent",
                  "color": "#000000",
                  "fontFamily": "System",
                  "fontSize": 15,
                  "fontWeight": "400",
                  "letterSpacing": -0.24,
                  "lineHeight": 20,
                },
                Array [
                  Object {
                    "color": "rgba(0,0,0,0.87)",
                  },
                  Object {
                    "backgroundColor": "transparent",
                    "fontFamily": "System",
                    "fontWeight": "400",
                  },
                  undefined,
                ],
              ]
            }
          >
            Fgyjj
          </Text>
          <View
            style={
              Object {
                "flex": 1,
              }
            }
          >
            <Text
              style={
                Array [
                  Object {
                    "backgroundColor": "transparent",
                    "color": "#000000",
                    "fontFamily": "System",
                    "fontSize": 15,
                    "fontWeight": "400",
                    "letterSpacing": -0.24,
                    "lineHeight": 20,
                  },
                  Array [
                    Object {
                      "color": "rgba(0,0,0,0.38)",
                    },
                    Object {
                      "backgroundColor": "transparent",
                      "fontFamily": "System",
                      "fontWeight": "400",
                    },
                    Object {
                      "marginTop": 2,
                    },
                  ],
                ]
              }
            >
              a few seconds ago
            </Text>
          </View>
        </View>
      </View>
      <View
        accessible={true}
        focusable={true}
        onClick={[Function]}
        onResponderGrant={[Function]}
        onResponderMove={[Function]}
        onResponderRelease={[Function]}
        onResponderTerminate={[Function]}
        onResponderTerminationRequest={[Function]}
        onStartShouldSetResponder={[Function]}
        style={
          Array [
            Object {
              "flexDirection": "row",
              "paddingHorizontal": 16,
              "paddingVertical": 16,
            },
            false,
          ]
        }
      >
        <View
          style={
            Array [
              Object {
                "height": 30,
                "width": 30,
              },
              Object {
                "height": 55,
                "width": 55,
              },
              undefined,
            ]
          }
        >
          <View
            style={
              Array [
                Object {
                  "alignItems": "center",
                  "backgroundColor": "rgba(0, 122, 255, 255)",
                  "borderRadius": 1000,
                  "flex": 1,
                  "justifyContent": "center",
                },
                Object {
                  "borderRadius": 27.5,
                },
                undefined,
                Object {
                  "backgroundColor": "#9575cd",
                },
              ]
            }
          >
            <Text
              style={
                Object {
                  "backgroundColor": "transparent",
                  "color": "rgba(255, 255, 255, 255)",
                  "fontFamily": "System",
                  "fontSize": 25,
                  "fontWeight": "600",
                }
              }
            >
              J
            </Text>
          </View>
        </View>
        <View
          style={
            Object {
              "flex": 1,
              "justifyContent": "center",
              "marginLeft": 16,
            }
          }
        >
          <View
            style={
              Object {
                "flexDirection": "row",
              }
            }
          >
            <Text
              numberOfLines={2}
              style={
                Object {
                  "flex": 1,
                  "flexDirection": "row",
                  "marginBottom": 4,
                }
              }
            >
              <Text
                style={
                  Array [
                    false,
                    Object {
                      "backgroundColor": "transparent",
                      "color": "#000000",
                      "fontFamily": "System",
                      "fontSize": 17,
                      "fontWeight": "600",
                      "letterSpacing": -0.408,
                      "lineHeight": 22,
                    },
                    false,
                    false,
                    Array [
                      Object {
                        "color": "rgba(0,0,0,0.87)",
                      },
                      Object {
                        "backgroundColor": "transparent",
                        "fontFamily": "System",
                        "fontWeight": "600",
                      },
                      undefined,
                    ],
                  ]
                }
              >
                John Doe
              </Text>
              <Text
                style={
                  Array [
                    false,
                    Object {
                      "backgroundColor": "transparent",
                      "color": "#000000",
                      "fontFamily": "System",
                      "fontSize": 17,
                      "fontWeight": "600",
                      "letterSpacing": -0.408,
                      "lineHeight": 22,
                    },
                    false,
                    false,
                    Array [
                      Object {
                        "color": "rgba(0,0,0,0.87)",
                      },
                      Object {
                        "backgroundColor": "transparent",
                        "fontFamily": "System",
                        "fontWeight": "400",
                      },
                      undefined,
                    ],
                  ]
                }
              >
                 reacted on your comment
              </Text>
            </Text>
          </View>
          <View
            style={
              Object {
                "flex": 1,
              }
            }
          >
            <Text
              style={
                Array [
                  Object {
                    "backgroundColor": "transparent",
                    "color": "#000000",
                    "fontFamily": "System",
                    "fontSize": 15,
                    "fontWeight": "400",
                    "letterSpacing": -0.24,
                    "lineHeight": 20,
                  },
                  Array [
                    Object {
                      "color": "rgba(0,0,0,0.38)",
                    },
                    Object {
                      "backgroundColor": "transparent",
                      "fontFamily": "System",
                      "fontWeight": "400",
                    },
                    Object {
                      "marginTop": 2,
                    },
                  ],
                ]
              }
            >
              a few seconds ago
            </Text>
          </View>
        </View>
      </View>
    </View>
  </View>
</RCTScrollView>
`;
