// Jest Snapshot v1, https://goo.gl/fbAQLP

exports[`renders ImageModal 1`] = `
<View
  accessible={true}
  focusable={true}
  onClick={[Function]}
  onResponderGrant={[Function]}
  onResponderMove={[Function]}
  onResponderRelease={[Function]}
  onResponderTerminate={[Function]}
  onResponderTerminationRequest={[Function]}
  onStartShouldSetResponder={[Function]}
  style={
    Object {
      "backgroundColor": "rgba(0, 0, 0, 255)",
      "flex": 1,
      "justifyContent": "center",
    }
  }
  testID="pressable"
>
  <Image
    source={
      Object {
        "uri": "jest://fake-image.png",
      }
    }
    style={
      Object {
        "aspectRatio": 1,
      }
    }
  />
</View>
`;
